exports[`test HeaderIndex renders correctly 1`] = `
<div>
  <nav
    className="navbar navbar-navbar-fixed-top navbar-fixed-top"
    id="primary-navbar"
    role="navigation">
    <div
      className="container-fluid">
      <div
        className="navbar-header">
        <a
          className="navbar-logo navbar-brand"
          href="https://epa.gov"
          target="_blank">
          <img
            alt="EPA_Logo"
            src="test-file-stub" />
        </a>
        <button
          className="navbar-toggle collapsed"
          onClick={[Function]}
          type="button">
          <span
            className="sr-only">
            Toggle navigation
          </span>
          <span
            className="icon-bar" />
          <span
            className="icon-bar" />
          <span
            className="icon-bar" />
        </button>
      </div>
      <div
        aria-expanded={null}
        className="navbar-collapse collapse">
        <div
          className="navbar-fixed-top-links">
          <li>
            <a
              href="#contact">
              Contact Us
            </a>
          </li>
          <li>
            <a
              href="https://epa.gov/comptox"
              target="_blank">
              About Us
            </a>
          </li>
          <li>
            <a
              onClick={[Function]}
              style={Object {}}>
              Home
            </a>
          </li>
        </div>
      </div>
    </div>
  </nav>
  <nav
    className="navbar navbar-default"
    id="secondary-navbar"
    style={
      Object {
        "backgroundColor": "#E8F6FD",
      }
    }>
    <div
      className="container-fluid">
      <div
        aria-expanded={null}
        className="navbar-collapse collapse">
        <ul
          className="nav navbar-nav navbar-right"
          role={null}>
          <li
            className="navbar-static-top-share-dropdown dropdown"
            style={undefined}>
            <a
              aria-expanded={false}
              aria-haspopup={true}
              className="dropdown-toggle"
              href="#"
              id="share-nav-dropdown"
              onClick={[Function]}
              onKeyDown={[Function]}
              role="button">
              Share Page
               
              <span
                className="caret" />
            </a>
            <ul
              aria-labelledby="share-nav-dropdown"
              className="dropdown-menu"
              role="menu">
              <li
                className=""
                role="presentation"
                style={undefined}>
                <a
                  href="https://www.facebook.com/sharer/sharer.php?u=http://comptox.ag.epa.gov/impact/"
                  onClick={[Function]}
                  onKeyDown={[Function]}
                  role="menuitem"
                  tabIndex="-1"
                  target="_blank">
                  <i
                    aria-hidden="true"
                    className="fa fa-facebook-official fa-lg" />
                   Facebook
                </a>
              </li>
              <li
                className=""
                role="presentation"
                style={undefined}>
                <a
                  href="https://twitter.com/home?status=http://comptox.ag.epa.gov/impact/"
                  onClick={[Function]}
                  onKeyDown={[Function]}
                  role="menuitem"
                  tabIndex="-1"
                  target="_blank">
                  <i
                    aria-hidden="true"
                    className="fa fa-twitter-square fa-lg" />
                   Twitter
                </a>
              </li>
              <li
                className=""
                role="presentation"
                style={undefined}>
                <a
                  href="https://plus.google.com/share?url=http://comptox.ag.epa.gov/impact/"
                  onClick={[Function]}
                  onKeyDown={[Function]}
                  role="menuitem"
                  tabIndex="-1"
                  target="_blank">
                  <i
                    aria-hidden="true"
                    className="fa fa-google-plus-square fa-lg" />
                   Google Plus
                </a>
              </li>
              <li
                className=""
                role="presentation"
                style={undefined}>
                <a
                  href="mailto:?subject=CompTox%20Dashboard%20Information%20on%20Tetrahydrocannabinol&body=http://comptox.ag.epa.gov/impact/"
                  onClick={[Function]}
                  onKeyDown={[Function]}
                  role="menuitem"
                  tabIndex="-1"
                  target="_blank">
                  <i
                    aria-hidden="true"
                    className="fa fa-envelope-square fa-lg" />
                   Email
                </a>
              </li>
            </ul>
          </li>
        </ul>
      </div>
    </div>
  </nav>
</div>
`;
