exports[`test ScientistsItem renders correctly 1`] = `
<div
  className="scientists-item">
  <a
    onClick={[Function]}
    style={Object {}}>
    <div
      className="thumbnail">
      <img
        alt="Scientist_Image"
        src="test-file-stub" />
      <div
        className="caption">
        <h4>
          Juan 
          <span
            className="last-name">
            Perez
          </span>
        </h4>
        <p>
          Rocket Scientist
        </p>
      </div>
    </div>
  </a>
</div>
`;
